============================= test session starts =============================
platform win32 -- Python 3.13.7, pytest-9.0.2, pluggy-1.6.0 -- C:\Users\User\source\repos\deepagents-quickstarts\.venv\Scripts\python.exe
cachedir: .pytest_cache
rootdir: C:\Users\User\source\repos\deepagents-quickstarts
plugins: anyio-4.12.1, langsmith-0.6.4, asyncio-1.3.0, base-url-2.1.0, playwright-0.7.2, timeout-2.4.0
asyncio: mode=Mode.STRICT, debug=False, asyncio_default_fixture_loop_scope=None, asyncio_default_test_loop_scope=function
timeout: 10.0s
timeout method: thread
timeout func_only: False
collecting ... collected 379 items

tests/test_env_api_comprehensive.py::TestRootEndpoints::test_root_returns_200 PASSED [  0%]
tests/test_env_api_comprehensive.py::TestRootEndpoints::test_root_returns_json PASSED [  0%]
tests/test_env_api_comprehensive.py::TestRootEndpoints::test_health_returns_200 PASSED [  0%]
tests/test_env_api_comprehensive.py::TestRootEndpoints::test_health_returns_json PASSED [  1%]
tests/test_env_api_comprehensive.py::TestRootEndpoints::test_root_with_trailing_slash PASSED [  1%]
tests/test_env_api_comprehensive.py::TestRootEndpoints::test_nonexistent_endpoint_returns_404 PASSED [  1%]
tests/test_env_api_comprehensive.py::TestRootEndpoints::test_malformed_path PASSED [  1%]
tests/test_env_api_comprehensive.py::TestRootEndpoints::test_root_method_not_allowed PASSED [  2%]
tests/test_env_api_comprehensive.py::TestRootEndpoints::test_health_method_not_allowed PASSED [  2%]
tests/test_env_api_comprehensive.py::TestRootEndpoints::test_root_with_query_params_ignored PASSED [  2%]
tests/test_env_api_comprehensive.py::TestRootEndpoints::test_health_with_query_params_ignored PASSED [  2%]
tests/test_env_api_comprehensive.py::TestRootEndpoints::test_root_response_time PASSED [  3%]
tests/test_env_api_comprehensive.py::TestRootEndpoints::test_health_response_time PASSED [  3%]
tests/test_env_api_comprehensive.py::TestRootEndpoints::test_root_unsupported_methods[PUT] PASSED [  3%]
tests/test_env_api_comprehensive.py::TestRootEndpoints::test_root_unsupported_methods[DELETE] PASSED [  3%]
tests/test_env_api_comprehensive.py::TestRootEndpoints::test_root_unsupported_methods[PATCH] PASSED [  4%]
tests/test_env_api_comprehensive.py::TestRootEndpoints::test_health_unsupported_methods[PUT] PASSED [  4%]
tests/test_env_api_comprehensive.py::TestRootEndpoints::test_health_unsupported_methods[DELETE] PASSED [  4%]
tests/test_env_api_comprehensive.py::TestRootEndpoints::test_health_unsupported_methods[PATCH] PASSED [  5%]
tests/test_env_api_comprehensive.py::TestRootEndpoints::test_root_accepts_various_headers PASSED [  5%]
tests/test_env_api_comprehensive.py::TestRootEndpoints::test_health_accepts_various_headers PASSED [  5%]
tests/test_env_api_comprehensive.py::TestHubEndpoints::test_hub_info_returns_200 PASSED [  5%]
tests/test_env_api_comprehensive.py::TestHubEndpoints::test_hub_info_returns_json PASSED [  6%]
tests/test_env_api_comprehensive.py::TestHubEndpoints::test_hub_info_has_required_fields PASSED [  6%]
tests/test_env_api_comprehensive.py::TestHubEndpoints::test_hub_sources_returns_200 PASSED [  6%]
tests/test_env_api_comprehensive.py::TestHubEndpoints::test_hub_sources_returns_list_or_dict PASSED [  6%]
tests/test_env_api_comprehensive.py::TestHubEndpoints::test_hub_sources_by_category[air_quality] PASSED [  7%]
tests/test_env_api_comprehensive.py::TestHubEndpoints::test_hub_sources_by_category[water] PASSED [  7%]
tests/test_env_api_comprehensive.py::TestHubEndpoints::test_hub_sources_by_category[weather] PASSED [  7%]
tests/test_env_api_comprehensive.py::TestHubEndpoints::test_hub_sources_by_category[climate] PASSED [  7%]
tests/test_env_api_comprehensive.py::TestHubEndpoints::test_hub_sources_by_category[marine] PASSED [  8%]
tests/test_env_api_comprehensive.py::TestHubEndpoints::test_hub_sources_by_category[radiation] PASSED [  8%]
tests/test_env_api_comprehensive.py::TestHubEndpoints::test_hub_sources_by_category[wildfires] PASSED [  8%]
tests/test_env_api_comprehensive.py::TestHubEndpoints::test_hub_sources_by_category[earthquakes] PASSED [  8%]
tests/test_env_api_comprehensive.py::TestHubEndpoints::test_hub_sources_by_category[biodiversity] PASSED [  9%]
tests/test_env_api_comprehensive.py::TestHubEndpoints::test_hub_sources_by_category[soil] PASSED [  9%]
tests/test_env_api_comprehensive.py::TestHubEndpoints::test_hub_sources_invalid_category PASSED [  9%]
tests/test_env_api_comprehensive.py::TestHubEndpoints::test_hub_sources_empty_category PASSED [ 10%]
tests/test_env_api_comprehensive.py::TestHubEndpoints::test_hub_sources_null_category PASSED [ 10%]
tests/test_env_api_comprehensive.py::TestHubEndpoints::test_hub_categories_returns_200 PASSED [ 10%]
tests/test_env_api_comprehensive.py::TestHubEndpoints::test_hub_categories_returns_list_or_dict PASSED [ 10%]
tests/test_env_api_comprehensive.py::TestHubEndpoints::test_hub_location_valid_coordinates[location0] PASSED [ 11%]
tests/test_env_api_comprehensive.py::TestHubEndpoints::test_hub_location_valid_coordinates[location1] PASSED [ 11%]
tests/test_env_api_comprehensive.py::TestHubEndpoints::test_hub_location_valid_coordinates[location2] PASSED [ 11%]
tests/test_env_api_comprehensive.py::TestHubEndpoints::test_hub_location_valid_coordinates[location3] PASSED [ 11%]
tests/test_env_api_comprehensive.py::TestHubEndpoints::test_hub_location_valid_coordinates[location4] PASSED [ 12%]
tests/test_env_api_comprehensive.py::TestHubEndpoints::test_hub_location_valid_coordinates[location5] PASSED [ 12%]
tests/test_env_api_comprehensive.py::TestHubEndpoints::test_hub_location_valid_coordinates[location6] PASSED [ 12%]
tests/test_env_api_comprehensive.py::TestHubEndpoints::test_hub_location_valid_coordinates[location7] PASSED [ 12%]
tests/test_env_api_comprehensive.py::TestHubEndpoints::test_hub_location_valid_coordinates[location8] PASSED [ 13%]
tests/test_env_api_comprehensive.py::TestHubEndpoints::test_hub_location_valid_coordinates[location9] PASSED [ 13%]
tests/test_env_api_comprehensive.py::TestHubEndpoints::test_hub_location_edge_coordinates[edge0] PASSED [ 13%]
tests/test_env_api_comprehensive.py::TestHubEndpoints::test_hub_location_edge_coordinates[edge1] PASSED [ 13%]
tests/test_env_api_comprehensive.py::TestHubEndpoints::test_hub_location_edge_coordinates[edge2] PASSED [ 14%]
tests/test_env_api_comprehensive.py::TestHubEndpoints::test_hub_location_edge_coordinates[edge3] PASSED [ 14%]
tests/test_env_api_comprehensive.py::TestHubEndpoints::test_hub_location_edge_coordinates[edge4] PASSED [ 14%]
tests/test_env_api_comprehensive.py::TestHubEndpoints::test_hub_location_edge_coordinates[edge5] PASSED [ 15%]
tests/test_env_api_comprehensive.py::TestHubEndpoints::test_hub_location_edge_coordinates[edge6] PASSED [ 15%]
tests/test_env_api_comprehensive.py::TestHubEndpoints::test_hub_location_missing_lat PASSED [ 15%]
tests/test_env_api_comprehensive.py::TestHubEndpoints::test_hub_location_missing_lon PASSED [ 15%]
tests/test_env_api_comprehensive.py::TestHubEndpoints::test_hub_location_missing_both PASSED [ 16%]
tests/test_env_api_comprehensive.py::TestHubEndpoints::test_hub_location_invalid_lat_type PASSED [ 16%]
tests/test_env_api_comprehensive.py::TestHubEndpoints::test_hub_location_invalid_lon_type PASSED [ 16%]
tests/test_env_api_comprehensive.py::TestHubEndpoints::test_hub_location_lat_out_of_range_high PASSED [ 16%]
tests/test_env_api_comprehensive.py::TestHubEndpoints::test_hub_location_lat_out_of_range_low PASSED [ 17%]
tests/test_env_api_comprehensive.py::TestHubEndpoints::test_hub_location_lon_out_of_range_high PASSED [ 17%]
tests/test_env_api_comprehensive.py::TestHubEndpoints::test_hub_location_lon_out_of_range_low PASSED [ 17%]
tests/test_env_api_comprehensive.py::TestHubEndpoints::test_hub_location_various_radii[1.0] PASSED [ 17%]
tests/test_env_api_comprehensive.py::TestHubEndpoints::test_hub_location_various_radii[10.0] PASSED [ 18%]
tests/test_env_api_comprehensive.py::TestHubEndpoints::test_hub_location_various_radii[50.0] PASSED [ 18%]
tests/test_env_api_comprehensive.py::TestHubEndpoints::test_hub_location_various_radii[100.0] PASSED [ 18%]
tests/test_env_api_comprehensive.py::TestHubEndpoints::test_hub_location_various_radii[250.0] PASSED [ 18%]
tests/test_env_api_comprehensive.py::TestHubEndpoints::test_hub_location_various_radii[500.0] PASSED [ 19%]
tests/test_env_api_comprehensive.py::TestHubEndpoints::test_hub_location_radius_too_small PASSED [ 19%]
tests/test_env_api_comprehensive.py::TestHubEndpoints::test_hub_location_radius_too_large PASSED [ 19%]
tests/test_env_api_comprehensive.py::TestHubEndpoints::test_hub_location_with_categories PASSED [ 20%]
tests/test_env_api_comprehensive.py::TestHubEndpoints::test_hub_location_returns_json_structure PASSED [ 20%]
tests/test_env_api_comprehensive.py::TestHubEndpoints::test_hub_category_aggregation[air_quality] PASSED [ 20%]
tests/test_env_api_comprehensive.py::TestHubEndpoints::test_hub_category_aggregation[water] +++++++++++++++++++++++++++++++++++ Timeout +++++++++++++++++++++++++++++++++++
~~~~~~~~~~~~~~~~~~~~~~~~~ Stack of MainThread (46492) ~~~~~~~~~~~~~~~~~~~~~~~~~
  File "<frozen runpy>", line 198, in _run_module_as_main
  File "<frozen runpy>", line 88, in _run_code
  File "C:\Users\User\source\repos\deepagents-quickstarts\.venv\Lib\site-packages\pytest\__main__.py", line 9, in <module>
    raise SystemExit(pytest.console_main())
  File "C:\Users\User\source\repos\deepagents-quickstarts\.venv\Lib\site-packages\_pytest\config\__init__.py", line 223, in console_main
    code = main()
  File "C:\Users\User\source\repos\deepagents-quickstarts\.venv\Lib\site-packages\_pytest\config\__init__.py", line 199, in main
    ret: ExitCode | int = config.hook.pytest_cmdline_main(config=config)
  File "C:\Users\User\source\repos\deepagents-quickstarts\.venv\Lib\site-packages\pluggy\_hooks.py", line 512, in __call__
    return self._hookexec(self.name, self._hookimpls.copy(), kwargs, firstresult)
  File "C:\Users\User\source\repos\deepagents-quickstarts\.venv\Lib\site-packages\pluggy\_manager.py", line 120, in _hookexec
    return self._inner_hookexec(hook_name, methods, kwargs, firstresult)
  File "C:\Users\User\source\repos\deepagents-quickstarts\.venv\Lib\site-packages\pluggy\_callers.py", line 121, in _multicall
    res = hook_impl.function(*args)
  File "C:\Users\User\source\repos\deepagents-quickstarts\.venv\Lib\site-packages\_pytest\main.py", line 365, in pytest_cmdline_main
    return wrap_session(config, _main)
  File "C:\Users\User\source\repos\deepagents-quickstarts\.venv\Lib\site-packages\_pytest\main.py", line 318, in wrap_session
    session.exitstatus = doit(config, session) or 0
  File "C:\Users\User\source\repos\deepagents-quickstarts\.venv\Lib\site-packages\_pytest\main.py", line 372, in _main
    config.hook.pytest_runtestloop(session=session)
  File "C:\Users\User\source\repos\deepagents-quickstarts\.venv\Lib\site-packages\pluggy\_hooks.py", line 512, in __call__
    return self._hookexec(self.name, self._hookimpls.copy(), kwargs, firstresult)
  File "C:\Users\User\source\repos\deepagents-quickstarts\.venv\Lib\site-packages\pluggy\_manager.py", line 120, in _hookexec
    return self._inner_hookexec(hook_name, methods, kwargs, firstresult)
  File "C:\Users\User\source\repos\deepagents-quickstarts\.venv\Lib\site-packages\pluggy\_callers.py", line 121, in _multicall
    res = hook_impl.function(*args)
  File "C:\Users\User\source\repos\deepagents-quickstarts\.venv\Lib\site-packages\_pytest\main.py", line 396, in pytest_runtestloop
    item.config.hook.pytest_runtest_protocol(item=item, nextitem=nextitem)
  File "C:\Users\User\source\repos\deepagents-quickstarts\.venv\Lib\site-packages\pluggy\_hooks.py", line 512, in __call__
    return self._hookexec(self.name, self._hookimpls.copy(), kwargs, firstresult)
  File "C:\Users\User\source\repos\deepagents-quickstarts\.venv\Lib\site-packages\pluggy\_manager.py", line 120, in _hookexec
    return self._inner_hookexec(hook_name, methods, kwargs, firstresult)
  File "C:\Users\User\source\repos\deepagents-quickstarts\.venv\Lib\site-packages\pluggy\_callers.py", line 121, in _multicall
    res = hook_impl.function(*args)
  File "C:\Users\User\source\repos\deepagents-quickstarts\.venv\Lib\site-packages\_pytest\runner.py", line 118, in pytest_runtest_protocol
    runtestprotocol(item, nextitem=nextitem)
  File "C:\Users\User\source\repos\deepagents-quickstarts\.venv\Lib\site-packages\_pytest\runner.py", line 137, in runtestprotocol
    reports.append(call_and_report(item, "call", log))
  File "C:\Users\User\source\repos\deepagents-quickstarts\.venv\Lib\site-packages\_pytest\runner.py", line 244, in call_and_report
    call = CallInfo.from_call(
  File "C:\Users\User\source\repos\deepagents-quickstarts\.venv\Lib\site-packages\_pytest\runner.py", line 353, in from_call
    result: TResult | None = func()
  File "C:\Users\User\source\repos\deepagents-quickstarts\.venv\Lib\site-packages\_pytest\runner.py", line 245, in <lambda>
    lambda: runtest_hook(item=item, **kwds),
  File "C:\Users\User\source\repos\deepagents-quickstarts\.venv\Lib\site-packages\pluggy\_hooks.py", line 512, in __call__
    return self._hookexec(self.name, self._hookimpls.copy(), kwargs, firstresult)
  File "C:\Users\User\source\repos\deepagents-quickstarts\.venv\Lib\site-packages\pluggy\_manager.py", line 120, in _hookexec
    return self._inner_hookexec(hook_name, methods, kwargs, firstresult)
  File "C:\Users\User\source\repos\deepagents-quickstarts\.venv\Lib\site-packages\pluggy\_callers.py", line 121, in _multicall
    res = hook_impl.function(*args)
  File "C:\Users\User\source\repos\deepagents-quickstarts\.venv\Lib\site-packages\_pytest\runner.py", line 179, in pytest_runtest_call
    item.runtest()
  File "C:\Users\User\source\repos\deepagents-quickstarts\.venv\Lib\site-packages\_pytest\python.py", line 1720, in runtest
    self.ihook.pytest_pyfunc_call(pyfuncitem=self)
  File "C:\Users\User\source\repos\deepagents-quickstarts\.venv\Lib\site-packages\pluggy\_hooks.py", line 512, in __call__
    return self._hookexec(self.name, self._hookimpls.copy(), kwargs, firstresult)
  File "C:\Users\User\source\repos\deepagents-quickstarts\.venv\Lib\site-packages\pluggy\_manager.py", line 120, in _hookexec
    return self._inner_hookexec(hook_name, methods, kwargs, firstresult)
  File "C:\Users\User\source\repos\deepagents-quickstarts\.venv\Lib\site-packages\pluggy\_callers.py", line 121, in _multicall
    res = hook_impl.function(*args)
  File "C:\Users\User\source\repos\deepagents-quickstarts\.venv\Lib\site-packages\_pytest\python.py", line 166, in pytest_pyfunc_call
    result = testfunction(**testargs)
  File "C:\Users\User\source\repos\deepagents-quickstarts\tests\test_env_api_comprehensive.py", line 412, in test_hub_category_aggregation
    response = client.get(f"/api/v1/hub/category/{category}")
  File "C:\Users\User\source\repos\deepagents-quickstarts\.venv\Lib\site-packages\httpx\_client.py", line 1053, in get
    return self.request(
  File "C:\Users\User\source\repos\deepagents-quickstarts\.venv\Lib\site-packages\httpx\_client.py", line 825, in request
    return self.send(request, auth=auth, follow_redirects=follow_redirects)
  File "C:\Users\User\source\repos\deepagents-quickstarts\.venv\Lib\site-packages\httpx\_client.py", line 914, in send
    response = self._send_handling_auth(
  File "C:\Users\User\source\repos\deepagents-quickstarts\.venv\Lib\site-packages\httpx\_client.py", line 942, in _send_handling_auth
    response = self._send_handling_redirects(
  File "C:\Users\User\source\repos\deepagents-quickstarts\.venv\Lib\site-packages\httpx\_client.py", line 979, in _send_handling_redirects
    response = self._send_single_request(request)
  File "C:\Users\User\source\repos\deepagents-quickstarts\.venv\Lib\site-packages\httpx\_client.py", line 1014, in _send_single_request
    response = transport.handle_request(request)
  File "C:\Users\User\source\repos\deepagents-quickstarts\.venv\Lib\site-packages\httpx\_transports\default.py", line 250, in handle_request
    resp = self._pool.handle_request(req)
  File "C:\Users\User\source\repos\deepagents-quickstarts\.venv\Lib\site-packages\httpcore\_sync\connection_pool.py", line 236, in handle_request
    response = connection.handle_request(
  File "C:\Users\User\source\repos\deepagents-quickstarts\.venv\Lib\site-packages\httpcore\_sync\connection.py", line 103, in handle_request
    return self._connection.handle_request(request)
  File "C:\Users\User\source\repos\deepagents-quickstarts\.venv\Lib\site-packages\httpcore\_sync\http11.py", line 106, in handle_request
    ) = self._receive_response_headers(**kwargs)
  File "C:\Users\User\source\repos\deepagents-quickstarts\.venv\Lib\site-packages\httpcore\_sync\http11.py", line 177, in _receive_response_headers
    event = self._receive_event(timeout=timeout)
  File "C:\Users\User\source\repos\deepagents-quickstarts\.venv\Lib\site-packages\httpcore\_sync\http11.py", line 217, in _receive_event
    data = self._network_stream.read(
  File "C:\Users\User\source\repos\deepagents-quickstarts\.venv\Lib\site-packages\httpcore\_backends\sync.py", line 128, in read
    return self._sock.recv(max_bytes)
  File "C:\Users\User\AppData\Local\Programs\Python\Python313\Lib\ssl.py", line 1285, in recv
    return self.read(buflen)
  File "C:\Users\User\AppData\Local\Programs\Python\Python313\Lib\ssl.py", line 1140, in read
    return self._sslobj.read(len)
+++++++++++++++++++++++++++++++++++ Timeout +++++++++++++++++++++++++++++++++++
